{
    "salesChart": {
        "labels": [
            "2023-01-01",
            "2023-02-01",
            "2023-03-01",
            "2023-04-01",
            "2023-05-01",
            "2023-06-01",
            "2023-07-01",
            "2023-08-01",
            "2023-09-01",
            "2023-10-01",
            "2023-11-01",
            "2023-12-01"
        ],
        "datasets": {
            "sales": [
                0,
                0,
                0,
                0,
                0,
                0,
                0,
                0,
                0,
                0,
                0,
                0
            ]
        }
    },
    "businessActivitySummary": {
        "totalSales": 687882,
        "newOrdersCount": 14,
        "newCustomersCount": 21,
        "averageOrderValue": 49134
    }
}
